Peticion: http://localhost:3000/medical-center/v1/payments/tickets


Response:
{
    "success": false,
    "statusCode": 403,
    "message": "Forbidden resource",
    "path": "/medical-center/v1/payments/tickets",
    "timestamp": "2025-11-17T00:07:28.140Z"
}